program
  class
    A
    method
      f
      formal
        x
        Int
      Bool
      implicit dispatch
        f
        +
          x
          1
    method
      g
      formal
        x
        Int
      formal
        y
        Int
      Bool
      self
      implicit dispatch
        g
        +
          x
          1
        +
          y
          1
    method
      h
      formal
        x
        Int
    A
    new
      A
    A
    implicit dispatch
      h
      +
        x
        1
    implicit dispatch
      h
      +
        x
        2
