program
  class
    A
    method
      f
      formal
        x
        Int
      Object
      while
      <
        0
        x
      loop
      <-
        x
        -
          x
          1
      pool
