program
  class
    A
    method
      f
      formal
        x
        Int
      Int
      let
      x
      +
        x
        1
      y
      +
        x
        1
      in
      x
