program
  class
    A
    method
      f
      formal
        x
        Object
      String
      case
      x
      of
      s
      String
      i
      Int
      o
      Oops
      esac
