program
  class
    A
    method
      f
      formal
        x
        Int
      String
      +
        <-
          x
          x
        1
      Done!
