there are no strings in CPLang, but shhh..
there are no strings in CPLang, but shhh..
there are no strings in CPLang, but shhh..
there are no strings in CPLang, but shhh..
there are no strings in CPLang, but shhh..
wfw
wfw
wfw
wfw
wfw
program
  class
    A
    attribute
      s1
      <missing TYPE>
    id
    ASSIGN2
    attribute
      s2
      <missing TYPE>
    id
    ASSIGN2
    attribute
      s3
      <missing TYPE>
    id
    ASSIGN2
    attribute
      s4
      <missing TYPE>
    id
    ASSIGN2
    attribute
      s5
      <missing TYPE>
    id
    ASSIGN2
