there are no strings in CPLang, but shhh..
there are no strings in CPLang, but shhh..
there are no strings in CPLang, but shhh..
wfw
wfw
wfw
program
  class
    A
    attribute
      long
      <missing TYPE>
    id
    ASSIGN2
    attribute
      null
      <missing TYPE>
    id
    ASSIGN2
    attribute
      unterminated
      <missing TYPE>
    id
    ASSIGN2
