program
  class
    A
    attribute
      x
      Int
    method
      f
      formal
        y
        Int
      Int
      <-
        x
line 5:14, y undefined
    method
      f
      formal
        y
        Int
      formal
        z
        Int
      Int
      <-
        x
        <-
line 9:14, y undefined
line 9:19, z undefined
