program
  class
    A
    method
      f
      formal
        x
        Int
      Bool
      implicit dispatch
        f
        +
line 3:11, x undefined
          1
    method
      g
      formal
        x
        Int
      formal
        y
        Int
      Bool
      .
line 7:9, self undefined
        g
        +
line 7:16, x undefined
          1
        +
line 7:23, y undefined
          1
    method
      h
      formal
        x
        Int
      A
      .
        .
          new
            A
          A
          h
          +
line 11:19, x undefined
            1
        h
        +
line 11:28, x undefined
          2
