program
  class
    A
    method
      f
      formal
        x
        Int
      Int
      if
        <=
line 3:12, x undefined
          5
line 3:24, x undefined
        +
line 3:31, x undefined
          1
