program
  class
    A
    method
      f
      formal
        x
        Int
      Object
      while
        <
          0
line 3:19, x undefined
        <-
line 4:13, x undefined
          -
line 4:18, x undefined
            1
