program
  class
    A
    method
      f
      formal
        x
        Int
      Int
      let
        local
          x
          Int
          +
line 3:24, x undefined
            1
        local
          y
          Int
          +
line 4:24, x undefined
            1
line 6:13, x undefined
