program
  class
    A
    method
      f
      formal
        x
        Object
      String
      case
line 3:14, x undefined
        case branch
          s
          String
          String
        case branch
          i
          Int
          Int
        case branch
          o
          Object
          Oops
