program
  class
    A
    method
      f
      formal
        x
        Int
      String
      block
        <-
line 4:13, x undefined
          +
line 4:18, x undefined
            1
        Done!
