program
  class
    B
    A
    attribute
      x
      Int
  class
    A
    attribute
      self
      Int
    attribute
      x
      Bool
    attribute
      x
      Int
    attribute
      y
      C
    attribute
      x
      C
program
  class
    B
    A
    attribute
      x
      Int
  class
    A
    attribute
      self
      Int
    attribute
      x
      Bool
    attribute
      x
      Int
    attribute
      y
      C
    attribute
      x
      C
