"03-define-method.cl", line 6:5, Semantic error: Class A redefines method f
line 8:20, c undefined
Compilation halted
