program
  class
    A
    attribute
      x
      Bool
    method
      f
      formal
        x
        Int
      Int
      let
        local
          x
          Int
          0
        local
          self
          Int
          0
        local
          x
          C
          1
        x
program
  class
    A
    attribute
      x
      Bool
    method
      f
      formal
        x
        Int
      Int
      let
        local
          x
          Int
          0
        local
          self
          Int
          0
        local
          x
          C
          1
        x
