program
  class
    A
    attribute
      z
      Int
      x
    attribute
      x
      Int
      x
    attribute
      f
      Bool
    method
      f
      formal
        f
        Int
      Int
      let
        local
          y
          Int
          y
        case
          y
          case branch
            z
            Int
            <-
              x
              +
                +
                  x
                  z
                f
    method
      g
      A
      self
program
  class
    A
    attribute
      z
      Int
      x
    attribute
      x
      Int
      x
    attribute
      f
      Bool
    method
      f
      formal
        f
        Int
      Int
      let
        local
          y
          Int
          y
        case
          y
          case branch
            z
            Int
            <-
              x
              +
                +
                  x
                  z
                f
    method
      g
      A
      self
