program
  class
    A
    attribute
      x
      Int
    attribute
      y
      Bool
    attribute
      n
      Int
      +
        1
        /
          *
            y
            +
              x
              4
          ~
            -
              abc
              true
program
  class
    A
    attribute
      x
      Int
    attribute
      y
      Bool
    attribute
      n
      Int
      +
        1
        /
          *
            y
            +
              x
              4
          ~
            -
              abc
              true
