program
  class
    A
    attribute
      n
      Int
    attribute
      b
      Bool
      <=
        2
        n
    attribute
      c
      Bool
      <
        2
        b
    attribute
      d
      Bool
      not
        n
    attribute
      e
      Bool
      not
        not
          <=
            2
            n
    attribute
      f
      Bool
      not
        =
          2
          n
    attribute
      g
      Bool
      =
        2
        b
    attribute
      h
      Bool
      =
        2
        abc
    attribute
      i
      Bool
      =
        abc
        b
    attribute
      oA
      A
    attribute
      oB
      B
    attribute
      j
      Bool
      =
        oA
        oA
    attribute
      k
      Bool
      =
        oA
        oB
  class
    B
program
  class
    A
    attribute
      n
      Int
    attribute
      b
      Bool
      <=
        2
        n
    attribute
      c
      Bool
      <
        2
        b
    attribute
      d
      Bool
      not
        n
    attribute
      e
      Bool
      not
        not
          <=
            2
            n
    attribute
      f
      Bool
      not
        =
          2
          n
    attribute
      g
      Bool
      =
        2
        b
    attribute
      h
      Bool
      =
        2
        abc
    attribute
      i
      Bool
      =
        abc
        b
    attribute
      oA
      A
    attribute
      oB
      B
    attribute
      j
      Bool
      =
        oA
        oA
    attribute
      k
      Bool
      =
        oA
        oB
  class
    B
