b
b
b
c
c
b
line 20:9, self undefined
line 20:17, self undefined
x
y
b
b
b
c
c
b
line 20:9, self undefined
line 20:17, self undefined
x
y
