Compare A A
Compare A B
Compare B A
"10-type-new-isvoid.cl", line 15:18, Semantic error: new is used with undefined type C
Compilation halted
