program
  class
    A
    attribute
      a
      A
    method
      f
      formal
        x
        Int
      Object
      while
        <
          0
          x
        <-
          x
          -
            x
            1
    method
      g
      formal
        x
        Int
      Object
      <-
        a
        while
          a
          <-
            x
            -
              x
              1
program
  class
    A
    attribute
      a
      A
    method
      f
      formal
        x
        Int
      Object
      while
        <
          0
          x
        <-
          x
          -
            x
            1
    method
      g
      formal
        x
        Int
      Object
      <-
        a
        while
          a
          <-
            x
            -
              x
              1
