program
  class
    A
    method
      f
      formal
        x
        Int
      Object
      <-
        x
        if
          <=
            x
            5
          x
          +
            x
            1
    method
      g
      formal
        x
        Int
      Object
      <-
        x
        if
          x
          x
          true
    method
      h
      formal
        b
        B
      formal
        c
        C
      Object
      <-
        b
        if
          true
          b
          c
    method
      i
      formal
        b
        B
      formal
        c
        C
      Object
      <-
        c
        if
          true
          b
          c
  class
    B
  class
    C
    B
program
  class
    A
    method
      f
      formal
        x
        Int
      Object
      <-
        x
        if
          <=
            x
            5
          x
          +
            x
            1
    method
      g
      formal
        x
        Int
      Object
      <-
        x
        if
          x
          x
          true
    method
      h
      formal
        b
        B
      formal
        c
        C
      Object
      <-
        b
        if
          true
          b
          c
    method
      i
      formal
        b
        B
      formal
        c
        C
      Object
      <-
        c
        if
          true
          b
          c
  class
    B
  class
    C
    B
