program
  class
    A
    method
      f
      formal
        x
        Int
      Object
      <-
        x
        block
          Done!
          <-
            x
            +
              x
              1
    method
      g
      formal
        x
        Int
      Object
      <-
        x
        block
          <-
            x
            +
              x
              1
          Oops!
program
  class
    A
    method
      f
      formal
        x
        Int
      Object
      <-
        x
        block
          Done!
          <-
            x
            +
              x
              1
    method
      g
      formal
        x
        Int
      Object
      <-
        x
        block
          <-
            x
            +
              x
              1
          Oops!
