line 3:9, u undefined
line 3:29, u undefined
line 10:19, x undefined
line 10:23, y undefined
line 10:27, z undefined
line 14:9, u undefined
line 15:29, x undefined
line 18:19, x undefined
line 18:23, y undefined
line 18:27, z undefined
line 3:9, u undefined
line 3:29, u undefined
line 10:19, x undefined
line 10:23, y undefined
line 10:27, z undefined
line 14:9, u undefined
line 15:29, x undefined
line 18:19, x undefined
line 18:23, y undefined
line 18:27, z undefined
