program
  class
    A
    method
      f
      formal
        x
        Int
      formal
        y
        Int
      Int
      +
        x
        y
    method
      g
      formal
        x
        Int
      formal
        y
        Int
      Int
      true
    method
      h
      formal
        b
        B
      formal
        c
        C
      B
      b
    method
      i
      formal
        b
        B
      formal
        c
        C
      B
      c
    method
      j
      formal
        b
        B
      formal
        c
        C
      C
      b
  class
    B
  class
    C
    B
program
  class
    A
    method
      f
      formal
        x
        Int
      formal
        y
        Int
      Int
      +
        x
        y
    method
      g
      formal
        x
        Int
      formal
        y
        Int
      Int
      true
    method
      h
      formal
        b
        B
      formal
        c
        C
      B
      b
    method
      i
      formal
        b
        B
      formal
        c
        C
      B
      c
    method
      j
      formal
        b
        B
      formal
        c
        C
      C
      b
  class
    B
  class
    C
    B
