line 4:13, c undefined
line 4:18, b undefined
line 4:22, x undefined
line 5:13, b undefined
line 5:17, x undefined
line 6:13, b undefined
line 7:13, c undefined
line 7:17, x undefined
line 8:13, c undefined
line 9:13, c undefined
line 11:13, c undefined
line 11:27, x undefined
line 12:13, c undefined
line 12:19, x undefined
line 13:13, c undefined
line 13:19, x undefined
line 14:13, c undefined
line 14:19, x undefined
line 15:13, c undefined
line 15:19, x undefined
line 17:13, self undefined
line 17:20, b undefined
line 17:23, c undefined
line 17:26, x undefined
line 18:13, self undefined
line 18:20, c undefined
line 18:23, c undefined
line 18:26, x undefined
line 19:13, self undefined
line 19:20, c undefined
line 19:23, b undefined
line 19:26, x undefined
line 21:15, b undefined
line 21:18, c undefined
line 21:21, x undefined
line 22:15, c undefined
line 22:18, c undefined
line 22:21, x undefined
line 23:13, c undefined
line 23:20, c undefined
line 23:23, b undefined
line 23:26, x undefined
line 4:13, c undefined
line 4:18, b undefined
line 4:22, x undefined
line 5:13, b undefined
line 5:17, x undefined
line 6:13, b undefined
line 7:13, c undefined
line 7:17, x undefined
line 8:13, c undefined
line 9:13, c undefined
line 11:13, c undefined
line 11:27, x undefined
line 12:13, c undefined
line 12:19, x undefined
line 13:13, c undefined
line 13:19, x undefined
line 14:13, c undefined
line 14:19, x undefined
line 15:13, c undefined
line 15:19, x undefined
line 17:13, self undefined
line 17:20, b undefined
line 17:23, c undefined
line 17:26, x undefined
line 18:13, self undefined
line 18:20, c undefined
line 18:23, c undefined
line 18:26, x undefined
line 19:13, self undefined
line 19:20, c undefined
line 19:23, b undefined
line 19:26, x undefined
line 21:15, b undefined
line 21:18, c undefined
line 21:21, x undefined
line 22:15, c undefined
line 22:18, c undefined
line 22:21, x undefined
line 23:13, c undefined
line 23:20, c undefined
line 23:23, b undefined
line 23:26, x undefined
