line 2:22, self undefined
line 7:35, z undefined
line 9:26, self undefined
x
x
line 10:31, self undefined
x
u
line 18:24, self undefined
line 20:16, self undefined
line 33:17, a undefined
line 34:17, a undefined
line 35:17, a undefined
line 37:17, b undefined
line 38:17, b undefined
line 39:17, b undefined
line 41:17, b undefined
line 42:17, b undefined
line 43:17, b undefined
line 45:17, b undefined
line 45:22, b undefined
line 46:17, b undefined
line 47:17, b undefined
x
line 49:22, self undefined
x
line 2:22, self undefined
line 7:35, z undefined
line 9:26, self undefined
x
x
line 10:31, self undefined
x
u
line 18:24, self undefined
line 20:16, self undefined
line 33:17, a undefined
line 34:17, a undefined
line 35:17, a undefined
line 37:17, b undefined
line 38:17, b undefined
line 39:17, b undefined
line 41:17, b undefined
line 42:17, b undefined
line 43:17, b undefined
line 45:17, b undefined
line 45:22, b undefined
line 46:17, b undefined
line 47:17, b undefined
x
line 49:22, self undefined
x
