program
  class
    A
    IO
    attribute
      x
      Int
      implicit dispatch
        abort
    attribute
      s
      String
      implicit dispatch
        type_name
    attribute
      a
      Int
      .
        .
          .
            self
            copy
          copy
        copy
    attribute
      s1
      String
      .
        .
          implicit dispatch
            out_string
            a
          out_int
          3
        in_string
    attribute
      s2
      String
      .
        .
          implicit dispatch
            out_string
            a
          out_int
          3
        in_int
    attribute
      l1
      Int
      .
        s1
        length
    attribute
      s3
      String
      .
        s1
        concat
        s2
    attribute
      s4
      String
      .
        s1
        substr
        x
        s3
program
  class
    A
    IO
    attribute
      x
      Int
      implicit dispatch
        abort
    attribute
      s
      String
      implicit dispatch
        type_name
    attribute
      a
      Int
      .
        .
          .
            self
            copy
          copy
        copy
    attribute
      s1
      String
      .
        .
          implicit dispatch
            out_string
            a
          out_int
          3
        in_string
    attribute
      s2
      String
      .
        .
          implicit dispatch
            out_string
            a
          out_int
          3
        in_int
    attribute
      l1
      Int
      .
        s1
        length
    attribute
      s3
      String
      .
        s1
        concat
        s2
    attribute
      s4
      String
      .
        s1
        substr
        x
        s3
